{
    "user_name": "takurooo",
    "passward": "test"
}
