{
    "user_name": "takurooo",
    "password": "test"
}
